// Jest Snapshot v1, https://goo.gl/fbAQLP

exports[`Dropzone basics should render children 1`] = `"<div class=\\"\\" style=\\"position: relative; width: 200px; height: 200px; border-width: 2px; border-color: #666; border-style: dashed; border-radius: 5px;\\" aria-disabled=\\"false\\"><p>some content</p><input type=\\"file\\" style=\\"position: absolute; top: 0px; right: 0px; bottom: 0px; left: 0px; opacity: 0.00001; pointer-events: none;\\" multiple=\\"\\" autocomplete=\\"off\\"></div>"`;
